<html>
<body>
<pre>
<h1>µVision Build Log</h1>
<h2>Tool Versions:</h2>
IDE-Version: ¦ÌVision V5.24.2.0
Copyright (C) 2017 ARM Ltd and ARM Germany GmbH. All rights reserved.
License Information: 1 2, 1, LIC=PE7DL-0FH1U-GKEBG-VN0X2-ELB2A-B6CDG
 
Tool Versions:
Toolchain:       MDK-ARM Plus  Version: 5.24.1
Toolchain Path:  E:\daxue\celimdk\ARM\ARMCC\Bin
C Compiler:      Armcc.exe V5.06 update 5 (build 528)
Assembler:       Armasm.exe V5.06 update 5 (build 528)
Linker/Locator:  ArmLink.exe V5.06 update 5 (build 528)
Library Manager: ArmAr.exe V5.06 update 5 (build 528)
Hex Converter:   FromElf.exe V5.06 update 5 (build 528)
CPU DLL:         SARMCM3.DLL V5.24.1
Dialog DLL:      DCM.DLL V1.16.0.0
Target DLL:      STLink\ST-LINKIII-KEIL_SWO.dll V3.0.1.0
Dialog DLL:      TCM.DLL V1.32.0.0
 
<h2>Project:</h2>
E:\daxue\ZUOYE\qianrushi\shiyan8\OLED_U8G2\MDK-ARM\OLED_U8G2.uvprojx
Project File Date:  11/01/2025

<h2>Output:</h2>
*** Using Compiler 'V5.06 update 5 (build 528)', folder: 'E:\daxue\celimdk\ARM\ARMCC\Bin'
Rebuild target 'OLED_U8G2'
assembling startup_stm32f103xb.s...
compiling u8x8_d_ssd1306_128x64_noname.c...
compiling u8g2_box.c...
compiling u8x8_8x8.c...
compiling u8g2_d_setup.c...
compiling u8g2_d_memory.c...
compiling u8g2_input_value.c...
compiling u8g2_arc.c...
compiling u8g2_button.c...
compiling u8g2_setup.c...
C:\Users\96565\Downloads\u8g2-master\csrc\u8g2_setup.c(469): warning:  #1-D: last line of file ends without a newline
    
C:\Users\96565\Downloads\u8g2-master\csrc\u8g2_setup.c: 1 warning, 0 errors
compiling u8g2_buffer.c...
compiling u8log.c...
compiling u8g2_circle.c...
compiling u8g2_font.c...
compiling u8log_u8x8.c...
compiling u8g2_hvline.c...
compiling u8log_u8g2.c...
compiling mui.c...
compiling u8g2_bitmap.c...
compiling u8x8_capture.c...
C:\Users\96565\Downloads\u8g2-master\csrc\u8x8_capture.c(254): warning:  #1-D: last line of file ends without a newline
  #endif
C:\Users\96565\Downloads\u8g2-master\csrc\u8x8_capture.c: 1 warning, 0 errors
compiling mui_u8g2.c...
compiling u8g2_cleardisplay.c...
compiling u8x8_cad.c...
compiling u8g2_line.c...
compiling u8g2_selection_list.c...
compiling u8g2_message.c...
compiling u8x8_debounce.c...
compiling u8x8_display.c...
C:\Users\96565\Downloads\u8g2-master\csrc\u8x8_display.c(203): warning:  #1-D: last line of file ends without a newline
  }
C:\Users\96565\Downloads\u8g2-master\csrc\u8x8_display.c: 1 warning, 0 errors
compiling u8g2_intersection.c...
compiling u8g2_kerning.c...
compiling u8g2_ll_hvline.c...
compiling u8g2_polygon.c...
compiling u8x8_byte.c...
compiling u8x8_selection_list.c...
compiling u8x8_message.c...
compiling u8x8_u8toa.c...
compiling u8x8_gpio.c...
C:\Users\96565\Downloads\u8g2-master\csrc\u8x8_gpio.c(50): warning:  #1-D: last line of file ends without a newline
  */
C:\Users\96565\Downloads\u8g2-master\csrc\u8x8_gpio.c: 1 warning, 0 errors
compiling u8x8_setup.c...
compiling u8x8_input_value.c...
compiling u8x8_fonts.c...
compiling u8x8_u16toa.c...
C:\Users\96565\Downloads\u8g2-master\csrc\u8x8_u16toa.c(77): warning:  #1-D: last line of file ends without a newline
  }
C:\Users\96565\Downloads\u8g2-master\csrc\u8x8_u16toa.c: 1 warning, 0 errors
compiling u8x8_string.c...
compiling gpio.c...
compiling i2c.c...
compiling main.c...
../Core/Src/main.c(182): warning:  #223-D: function "snprintf" declared implicitly
    snprintf(info, sizeof(info), "Frame:%d", i);
../Core/Src/main.c: 1 warning, 0 errors
compiling tim.c...
compiling stm32f1xx_it.c...
compiling stm32f1xx_hal_msp.c...
compiling stm32f1xx_hal_gpio_ex.c...
compiling stm32f1xx_hal.c...
compiling u8g2_port.c...
compiling stm32f1xx_hal_rcc_ex.c...
compiling stm32f1xx_hal_gpio.c...
compiling stm32f1xx_hal_cortex.c...
compiling stm32f1xx_hal_pwr.c...
compiling stm32f1xx_hal_dma.c...
compiling stm32f1xx_hal_rcc.c...
compiling stm32f1xx_hal_flash.c...
compiling stm32f1xx_hal_i2c.c...
compiling system_stm32f1xx.c...
compiling stm32f1xx_hal_exti.c...
compiling u8g2_fonts.c...
compiling stm32f1xx_hal_flash_ex.c...
compiling stm32f1xx_hal_tim_ex.c...
compiling stm32f1xx_hal_tim.c...
linking...
Program Size: Code=10340 RO-data=25336 RW-data=24 ZI-data=2992  
FromELF: creating hex file...
"OLED_U8G2\OLED_U8G2.axf" - 0 Error(s), 6 Warning(s).

<h2>Software Packages used:</h2>

Package Vendor: ARM
                http://www.keil.com/pack/ARM.CMSIS.5.0.1.pack
                ARM.CMSIS.5.0.1
                CMSIS (Cortex Microcontroller Software Interface Standard)
   * Component: CORE Version: 5.0.1

Package Vendor: Keil
                http://www.keil.com/pack/Keil.STM32F1xx_DFP.2.3.0.pack
                Keil.STM32F1xx_DFP.2.3.0
                STMicroelectronics STM32F1 Series Device Support, Drivers and Examples

<h2>Collection of Component include folders:</h2>
  .\RTE\_OLED_U8G2
  E:\daxue\celimdk\ARM\PACK\ARM\CMSIS\5.0.1\CMSIS\Include
  E:\daxue\celimdk\ARM\PACK\Keil\STM32F1xx_DFP\2.3.0\Device\Include

<h2>Collection of Component Files used:</h2>

   * Component: ARM::CMSIS:CORE:5.0.1
Build Time Elapsed:  00:00:04
</pre>
</body>
</html>
